<html>
<body>
<pre>
<h1>µVision Build Log</h1>
<h2>Tool Versions:</h2>
IDE-Version: ¦ÌVision V5.14.0.0
Copyright (C) 2015 ARM Ltd and ARM Germany GmbH. All rights reserved.
License Information: RIO Admin, RIO, LIC=QF8PC-7RNYD-EH28P-M9RBM-C6LJL-MBQCR
 
Tool Versions:
Toolchain:       MDK-ARM Standard  Version: 5.14.0.0
Toolchain Path:  C:\Keil_v5\ARM\ARMCC\Bin
C Compiler:      Armcc.exe V5.05 update 1 (build 106)
Assembler:       Armasm.exe V5.05 update 1 (build 106)
Linker/Locator:  ArmLink.exe V5.05 update 1 (build 106)
Library Manager: ArmAr.exe V5.05 update 1 (build 106)
Hex Converter:   FromElf.exe V5.05 update 1 (build 106)
CPU DLL:         SARMCM3.DLL V5.14.0.0
Dialog DLL:      DCM.DLL V1.13.1.0
Target DLL:      CMSIS_AGDI.dll V1.21.0.0
Dialog DLL:      TCM.DLL V1.14.4.0
 
<h2>Project:</h2>
C:\Users\Admin\Desktop\indroor\Indoor_Environment\MDK-ARM\Indoor_Environment.uvprojx
Project File Date:  04/12/2025

<h2>Output:</h2>
Build target 'Indoor_Environment'
compiling oled.c...
..\BSP\oled.c(439): warning:  #167-D: argument of type "uint8_t *" is incompatible with parameter of type "char *restrict"
                sprintf(Data,"%.03f C",fnum);
..\BSP\oled.c: 1 warning, 0 errors
compiling DHT11.c...
..\BSP\DHT11.h(30): warning:  #1-D: last line of file ends without a newline
  #endif
..\BSP\DHT11.c(130): warning:  #940-D: missing return statement at end of non-void function "DHT11_READ_DATA"
  }
..\BSP\DHT11.c(90): warning:  #177-D: variable "i_count" was declared but never referenced
          static int i_count=0;
..\BSP\DHT11.c(94): warning:  #177-D: variable "dht11_data" was declared but never referenced
                char dht11_data[11]={0};
..\BSP\DHT11.c: 4 warnings, 0 errors
compiling main.c...
../BSP/DHT11.h(30): warning:  #1-D: last line of file ends without a newline
  #endif
../Core/Src/main.c(334): warning:  #111-D: statement is unreachable
                                                        break;
../Core/Src/main.c: 2 warnings, 0 errors
compiling gpio.c...
compiling adc.c...
compiling dma.c...
compiling usart.c...
compiling stm32f1xx_it.c...
compiling stm32f1xx_hal_msp.c...
linking...
Program Size: Code=18060 RO-data=8220 RW-data=52 ZI-data=3188  
FromELF: creating hex file...
"Indoor_Environment\Indoor_Environment.axf" - 0 Error(s), 7 Warning(s).

<h2>Software Packages used:</h2>

Package Vendor: ARM
                http://www.keil.com/pack/ARM.CMSIS.4.2.0.pack
                ARM::CMSIS:CORE:3.40.0
                CMSIS (Cortex Microcontroller Software Interface Standard)
   * Component: CORE Version: 3.40.0

<h2>Collection of Component include folders:</h2>
  C:\Users\Admin\Desktop\indroor\Indoor_Environment\MDK-ARM\RTE
  C:\Keil_v5\ARM\PACK\ARM\CMSIS\4.2.0\CMSIS\Include
  C:\Keil_v5\ARM\PACK\Keil\STM32F1xx_DFP\2.4.1

<h2>Collection of Component Files used:</h2>

   * Component: ARM::CMSIS:CORE:3.40.0
      Source file:   CMSIS\UserCodeTemplates\ARM\ITM_Retarget.c
</pre>
</body>
</html>
